

$ terminal length 0



$ show version

MEMORY           : Total=81490 KBytes, Free=60588 KBytes, Max=60553 KBytes
FLASH            : 0x40000000-0x41ffffff, 512 x 0x10000 blocks
MAC Address      : 00-40-c7-fe-6f-c5
Previous Restart : Cold

System Contact   : 
System Name      : INA-NSWS-129-99-125
System Location  : 
System Time      : 2011-02-25T21:58:04+00:00
System Uptime    : 55d 21:58:04

Active Image
------------
Image            : managed
Version          : CROSS-8/HPoE (II) (standalone) v6.54.2607
Date             : 2017-09-07T00:10:02+08:00

Alternate Image
---------------
Image            : managed.bk
Version          : 
Date             : 0000-00-00T00:00:00



$ show running-config
Building configuration...
hostname INA-NSWS-129-99-125
username zhitsov_a privilege 15 password encrypted U2FzaGEyNTUyNTVzYXNoYQ==
username volodin_s privilege 15 password encrypted U3RyYXBvbjIyOCoqKg==
username Admin privilege 15 password encrypted MTIzNA==
no username admin
!
vlan 1
!
vlan 17
 name Transport
!
vlan 1091
!
!
!
ip route 0.0.0.0 0.0.0.0 10.20.97.1
tzidx 0
no snmp-server user default_user engine-id 800007e5017f000001 
aaa authentication login telnet radius local
aaa authentication login ssh radius local
aaa authentication login http radius local
aaa authentication login https radius local
radius-server timeout 2
radius-server retransmit 1
radius-server deadtime 1
radius-server key lkjeqnhslfblw
radius-server host 10.10.0.210
radius-server host 10.10.0.212
system name INA-NSWS-129-99-125
system description 10-Port GbE L2+ Managed PoE Switch
!
interface GigabitEthernet 1/1
 switchport access vlan 1091
!
interface GigabitEthernet 1/2
 switchport access vlan 1091
!
interface GigabitEthernet 1/3
 switchport access vlan 1091
!
interface GigabitEthernet 1/4
 switchport access vlan 1091
!
interface GigabitEthernet 1/5
 switchport access vlan 1091
!
interface GigabitEthernet 1/6
 switchport access vlan 1091
!
interface GigabitEthernet 1/7
 switchport access vlan 1091
!
interface GigabitEthernet 1/8
 switchport access vlan 1091
!
interface GigabitEthernet 1/9
 switchport mode trunk
!
interface GigabitEthernet 1/10
 switchport mode trunk
!
interface vlan 1
 ip address 192.168.1.1 255.255.255.0
!
interface vlan 17
 ip address 10.20.99.125 255.255.252.0
!
!
spanning-tree aggregation
 spanning-tree link-type point-to-point
!
!
line console 0
!
line vty 0
 length 0
 width 511
!
line vty 1
!
line vty 2
!
line vty 3
!
line vty 4
!
line vty 5
!
line vty 6
!
line vty 7
!
line vty 8
!
line vty 9
!
line vty 10
!
line vty 11
!
line vty 12
!
line vty 13
!
line vty 14
!
line vty 15
!
!
end


$ show lldp neighbors detail
                                         ^
% Invalid word detected at '^' marker.



$ show cdp neighbors detail
                          ^
% Invalid word detected at '^' marker.



$ show cdp neighbors
                          ^
% Invalid word detected at '^' marker.
