

$ show system information

Hardware Version                  : 1v1
Software Version                  : 10.3.5
Firmware Version                  : 10.3.5

Hardware Serial Number            : ESD1007996
Switch Base MAC Address           : cc:9d:a2:80:1c:80
Software Serial Number            : c7ea93f0
System Contact                    : 
System Name                       : DEN-NSWS-61-99-136
System Location                   : 
System Description                : MES2424P rev.C1 AC 28-port 1G/10G Managed Switch with 24 POE+ ports
Logging Option                    : Flash Logging
Device Uptime                     : 92 Days, 10 Hrs, 44 Mins, 41 Secs
Login Authentication Mode         : Local
Config Save Status                : Successful
Remote Save Status                : Not Initiated
Config Restore Status             : Not Initiated
Traffic Separation Control        : none




$ show lldp neighbors detail

                


--More--
                


--More--
                


--More--
                


--More--
                

Extended 802.3 TLV Info 
-MAC PHY Configuration & Status
100base-TX(FD)
Symm PAUSE(FD)
1000base-X, -LX, -SX, -CX(FD)
1000base-T(HD)
1000base-T(FD)
-Link Aggregation
Capability & Status           : Not Capable, Not In Aggregation
Aggregated Port Id            : 0
-Maximum Frame Size           : 0

Extended 802.1 TLV Info 
-Port VLAN Id                 : 1
-Port & Protocol VLAN Id 
Protocol Vlan Tlv             : Not Advertised
-Vlan Name
Vlan Name Tlv                 : Not Advertised

-LLDP MED Capability TLV      : Not Advertised 
Capabilities Supported        : 0 
Capabilities Enabled          : 0 
Device Class                  : 0 


--More--
                


--More--
                


--More--
                


--More--
                


--More--
                

-LLDP MED Inventory TLV       : Not Advertised

-LLDP-MED Nw Policy TLV       : Not Advertised 

-LLDP-MED Location Info TLV   : Not Advertised 

-LLDP-MED Ex-PowerViaMDI TLV  : Not Advertised 
------------------------------------------------------------

Total Entries Displayed : 1
[27m
                       

DEN-NSWS-61-99-136#neighbors detail

% Invalid Command



$ show vlan

                


--More--
                


--More--
                


--More--
                


--More--
                
Name                : Transport
Status              : Permanent
Egress Ethertype    : 0x8100
Service Loopback Status   : Disabled 
----------------------------------------------------
Vlan ID             : 30
Member Ports        : gi 0/1, gi 0/2, gi 0/3, gi 0/4, gi 0/5, gi 0/6
                      gi 0/23, gi 0/24, te 0/1, te 0/2, te 0/3, te 0/4
Untagged Ports      : None 
Forbidden Ports     : None 
Name                : Wi-fi
Status              : Permanent
Egress Ethertype    : 0x8100
Service Loopback Status   : Disabled 
----------------------------------------------------
Vlan ID             : 31
Member Ports        : gi 0/1, gi 0/2, gi 0/3, gi 0/4, gi 0/5, gi 0/6
                      gi 0/23, gi 0/24, te 0/1, te 0/2, te 0/3, te 0/4
Untagged Ports      : None 
Forbidden Ports     : None 
Name                : Wi-fi_guest
Status              : Permanent
Egress Ethertype    : 0x8100
Service Loopback Status   : Disabled 


--More--
                


--More--
                


--More--
                


--More--
                


--More--
                
----------------------------------------------------


--More--


$ show interfaces status

Port        Type          Status           Duplex   Speed       Negotiation     Capability      Uptime (d,h:m:s)
----        ------------  ------           ------   -----       -----------     ----------      ----------------
gi 0/1      1G-Copper     Up               Full     1 Gbps      No-Negotiation  Auto-MDIX on    47,2:55:48      
gi 0/2      1G-Copper     Up               Full     1 Gbps      No-Negotiation  Auto-MDIX on    47,2:55:49      
gi 0/3      1G-Copper     Up               Full     1 Gbps      No-Negotiation  Auto-MDIX on    47,2:55:48      
gi 0/4      1G-Copper     Up               Full     1 Gbps      No-Negotiation  Auto-MDIX on    47,2:55:48      
gi 0/5      1G-Copper     Up               Full     1 Gbps      No-Negotiation  Auto-MDIX on    47,2:55:48      
gi 0/6      1G-Copper     Up               Full     1 Gbps      No-Negotiation  Auto-MDIX on    47,2:55:49      
gi 0/7      1G-Copper     Up               Full     100 Mbps    Auto            Auto-MDIX on    51,2:16:16      
gi 0/8      1G-Copper     Down (nc)        -        -           No-Negotiation  Auto-MDIX on    -               
gi 0/9      1G-Copper     Down (nc)        -        -           No-Negotiation  Auto-MDIX on    -               
gi 0/10     1G-Copper     Up               Full     100 Mbps    Auto            Auto-MDIX on    46,7:27:20      
gi 0/11     1G-Copper     Up               Full     100 Mbps    No-Negotiation  Auto-MDIX on    47,3:5:25       
gi 0/12     1G-Copper     Up               Full     100 Mbps    No-Negotiation  Auto-MDIX on    46,23:58:58     
gi 0/13     1G-Copper     Down (nc)        -        -           No-Negotiation  Auto-MDIX on    -               
gi 0/14     1G-Copper     Down (nc)        -        -           No-Negotiation  Auto-MDIX on    -               
gi 0/15     1G-Copper     Down (nc)        -        -           No-Negotiation  Auto-MDIX on    -               
gi 0/16     1G-Copper     Down (nc)        -        -           No-Negotiation  Auto-MDIX on    -               
gi 0/17     1G-Copper     Down (nc)        -        -           No-Negotiation  Auto-MDIX on    -               
gi 0/18     1G-Copper     Down (nc)        -        -           No-Negotiation  Auto-MDIX on    -               
gi 0/19     1G-Copper     Down (nc)        -        -           No-Negotiation  Auto-MDIX on    -               
gi 0/20     1G-Copper     Down (nc)        -        -           No-Negotiation  Auto-MDIX on    -               


--More--


$ show interfaces

gi 0/1 up, line protocol is up (connected)
Bridge Port Type: Customer Bridge Port

Interface SubType: gigabitEthernet

Hardware Address is cc:9d:a2:80:1c:81
MTU  12288 bytes, Full duplex, 1 Gbps,  No-Negotiation
HOL Block Prevention enabled.
CPU Controlled Learning disabled.
Auto-MDIX on
Input flow-control is off,output flow-control is off
Media-type: prefer-fiber

Link Up/Down Trap is disabled 

Reception Counters
   Octets                    : 690259961
   Unicast Packets           : 14995176
   Multicast Packets         : 278450
   Broadcast Packets         : 5752
   Discarded Packets         : 4
   Error Packets             : 0


--More--


$ show running-config

                


--More--
                


--More--
                


--More--
                


--More--
                

Link Up/Down Trap is disabled 

Reception Counters
   Octets                    : 4141824245
   Unicast Packets           : 16161834
   Multicast Packets         : 275428
   Broadcast Packets         : 5672
   Discarded Packets         : 3
   Error Packets             : 0
   Unknown Protocol          : 0
   CRC Errors                : 0
   Symbol Errors             : 0
   Oversized w/ Bad CRC      : 0

Transmission Counters
   Octets                    : 2151299064
   Unicast Packets           : 22650891
   Multicast Packets         : 46087280
   Broadcast Packets         : 37726248
   Discarded Packets         : 0
   Error Drops               : 0
   Error Packets             : 0



--More--
                


--More--
                


--More--
                


--More--
                


--More--
                


--More--
                


--More--
                


--More--
                


--More--
                


--More--
                


--More--
                


--More--
                


--More--
                


--More--
                


--More--
                
gi 0/3 up, line protocol is up (connected)


--More--