

$ show system information


Hardware Version                  : 2v3
Software Version                  : 10.3.3.1
Firmware Version                  : 10.3.3.1

Hardware Serial Number            : ESC6001764
Switch Base MAC Address           : cc:9d:a2:68:38:00
Software Serial Number            : f74b00f1
System Contact                    : 
System Name                       : NER-NSWS-07-99-134
System Location                   : 
System Description                : MES2448B rev.B AC 52-port 1G/10G Managed Switch
Logging Option                    : Flash Logging
Device Uptime                     : 39 Days, 20 Hrs, 29 Mins, 10 Secs
Login Authentication Mode         : Local
Config Save Status                : Successful
Remote Save Status                : Not Initiated
Config Restore Status             : Not Initiated
Traffic Separation Control        : none




$ show lldp neighbors detail

                


--More--
                


--More--
                


--More--
                


--More--
                

Extended 802.3 TLV Info 
-MAC PHY Configuration & Status
Auto-Neg Support & Status     : Supported, Enabled
Advertised Capability Bits    : 8036
Other
Symm PAUSE(FD)
Asym and Symm PAUSE(FD)
1000base-X, -LX, -SX, -CX(FD)
1000base-T(HD)
Operational MAU Type          : 30
-Link Aggregation
Capability & Status           : Not Capable, Not In Aggregation
Aggregated Port Id            : 0
-Maximum Frame Size           : 0

Extended 802.1 TLV Info 
-Port VLAN Id                 : 1
-Port & Protocol VLAN Id 
Protocol Vlan Tlv             : Not Advertised
-Vlan Name
Vlan Name Tlv                 : Not Advertised

-LLDP MED Capability TLV      : Not Advertised 


--More--
                


--More--
                


--More--
                


--More--
                


--More--
                
Capabilities Supported        : 0 
Capabilities Enabled          : 0 
Device Class                  : 0 

-LLDP MED Inventory TLV       : Not Advertised

-LLDP-MED Nw Policy TLV       : Not Advertised 

-LLDP-MED Location Info TLV   : Not Advertised 

-LLDP-MED Ex-PowerViaMDI TLV  : Not Advertised 
------------------------------------------------------------

Total Entries Displayed : 1
[27m
                       

NER-NSWS-07-99-134#neighbors detail

% Invalid Command



$ show vlan

                


--More--
                


--More--
                


--More--
                


--More--
                
Forbidden Ports     : None 
Name                : 
Status              : Permanent
Egress Ethertype    : 0x8100
Service Loopback Status   : Disabled 
----------------------------------------------------
Vlan ID             : 17
Member Ports        : gi 0/48, po 1
Untagged Ports      : None 
Forbidden Ports     : None 
Name                : Trasport
Status              : Permanent
Egress Ethertype    : 0x8100
Service Loopback Status   : Disabled 
----------------------------------------------------
Vlan ID             : 20
Member Ports        : gi 0/1, gi 0/2, gi 0/3, gi 0/4, gi 0/5, gi 0/6
                      gi 0/7, gi 0/8, gi 0/9, gi 0/10, gi 0/11, gi 0/12
                      gi 0/13, gi 0/14, gi 0/15, gi 0/16, gi 0/17, gi 0/18
                      gi 0/19, gi 0/21, gi 0/22, gi 0/23, gi 0/24, gi 0/25
                      gi 0/26, gi 0/27, gi 0/28, gi 0/29, gi 0/30, gi 0/31
                      gi 0/32, gi 0/33, gi 0/34, gi 0/35, gi 0/36, gi 0/37
                      gi 0/38, gi 0/39, gi 0/40, gi 0/41, gi 0/42, gi 0/43
                      gi 0/44, gi 0/46, gi 0/47, gi 0/48, po 1


--More--
                


--More--
                


--More--
                


--More--
                


--More--
                
Untagged Ports      : gi 0/1, gi 0/2, gi 0/3, gi 0/4, gi 0/5, gi 0/6


--More--


$ show interfaces status

Port        Type          Status           Duplex   Speed       Negotiation     Capability      Uptime (d,h:m:s)
----        ------------  ------           ------   -----       -----------     ----------      ----------------
gi 0/1      1G-Copper     Down (nc)        -        -           No-Negotiation  Auto-MDIX on    -               
gi 0/2      1G-Copper     Down (nc)        -        -           No-Negotiation  Auto-MDIX on    -               
gi 0/3      1G-Copper     Down (nc)        -        -           No-Negotiation  Auto-MDIX on    -               
gi 0/4      1G-Copper     Down (nc)        -        -           No-Negotiation  Auto-MDIX on    -               
gi 0/5      1G-Copper     Down (nc)        -        -           No-Negotiation  Auto-MDIX on    -               
gi 0/6      1G-Copper     Down (nc)        -        -           No-Negotiation  Auto-MDIX on    -               
gi 0/7      1G-Copper     Down (nc)        -        -           No-Negotiation  Auto-MDIX on    -               
gi 0/8      1G-Copper     Down (nc)        -        -           No-Negotiation  Auto-MDIX on    -               
gi 0/9      1G-Copper     Down (nc)        -        -           No-Negotiation  Auto-MDIX on    -               
gi 0/10     1G-Copper     Down (nc)        -        -           No-Negotiation  Auto-MDIX on    -               
gi 0/11     1G-Copper     Down (nc)        -        -           No-Negotiation  Auto-MDIX on    -               
gi 0/12     1G-Copper     Down (nc)        -        -           No-Negotiation  Auto-MDIX on    -               
gi 0/13     1G-Copper     Down (nc)        -        -           No-Negotiation  Auto-MDIX on    -               
gi 0/14     1G-Copper     Down (nc)        -        -           No-Negotiation  Auto-MDIX on    -               
gi 0/15     1G-Copper     Down (nc)        -        -           No-Negotiation  Auto-MDIX on    -               
gi 0/16     1G-Copper     Down (nc)        -        -           No-Negotiation  Auto-MDIX on    -               
gi 0/17     1G-Copper     Down (nc)        -        -           No-Negotiation  Auto-MDIX on    -               
gi 0/18     1G-Copper     Down (nc)        -        -           No-Negotiation  Auto-MDIX on    -               
gi 0/19     1G-Copper     Down (nc)        -        -           No-Negotiation  Auto-MDIX on    -               
gi 0/20     1G-Copper     Up               Full     100 Mbps    No-Negotiation  Auto-MDIX on    2,5:4:45        


--More--


$ show interfaces

                


--More--
                


--More--
                


--More--
                


--More--
                
gi 0/47     1G-Copper     Up               Full     100 Mbps    No-Negotiation  Auto-MDIX on    0,5:47:22       
gi 0/48     1G-Copper     Up               Full     1 Gbps      Auto            Auto-MDIX on    40,4:54:41      
te 0/1      10G-Fiber     Down (nc)        -        -           No-Negotiation  Auto-MDIX on    -               
te 0/2      10G-Fiber     Down (nc)        -        -           No-Negotiation  Auto-MDIX on    -               
te 0/3      10G-Fiber     Down (nc)        -        -           No-Negotiation  Auto-MDIX on    -               
te 0/4      10G-Fiber     Down (nc)        -        -           No-Negotiation  Auto-MDIX on    -               

nc (not connected): The interface is not connected.
err (error-disabled): The interface was suspended by the system.
adm (admin.shutdown): The interface was suspended by administrator.
[27m
                       

NER-NSWS-07-99-134#interfaces

% Invalid Command



$ show running-config

                


--More--
                


--More--
                


--More--
                


--More--
                
logging-server facility local0 severity critical ipv4 10.10.0.142 port  5014
logging-server facility local0 severity errors ipv4 10.10.0.142 port  5014
logging-server facility local0 severity warnings ipv4 10.10.0.142 port  5014
logging-server facility local0 severity notification ipv4 10.10.0.142 port  5014
logging-server facility local0 severity informational ipv4 10.10.0.142 port  5014
!
vlan 13,17,20-22
  vlan active
!                      
set lldp enable
!
radius-server host 10.10.0.210 timeout 5 key encrypted qOzM/0zDoUP2k3P672Uz7Q== primary
radius-server host 10.10.0.212 timeout 5 key encrypted qOzM/0zDoUP2k3P672Uz7Q==
!
username sib_uib password encrypted OTl653mxxwDsJJPczavzcQ== privilege 15
username volodin_s password encrypted EnRFlIo7gtBTjF6wrwtAzQ== privilege 15
username zhiltsov_a password encrypted KFif9+pKXWb2ZGDs19fowLwWpY80c995 privilege 15
username ivashenko_vb password encrypted ugP9QrpkPzxRxqq861YAOccx21jObESe privilege 15
enable password level 15 encrypted RlIc0PuA+TbvViNdvPvB3A==  
!
snmp user ReadUser
snmp user WriteUser
snmp community index 1 name encrypted EQn5sbCUAOw= security WriteUser
snmp community index 2 name encrypted O3oDUaq4qkM= security ReadUser


--More--
                


--More--
                


--More--
                


--More--
                


--More--
                


--More--
                


--More--
                


--More--
                


--More--
                


--More--
                


--More--
                


--More--
                


--More--
                


--More--
                


--More--
                
snmp group ReadGroup user ReadUser security-model v2c


--More--