

$ show system information

Hardware Version                  : 1v1
Software Version                  : 10.3.1
Firmware Version                  : 10.3.1

Hardware Serial Number            : ESD1006520
Switch Base MAC Address           : cc:9d:a2:7e:ab:80   
Software Serial Number            : eac7ad34
System Contact                    : eltex@eltex-co.ru
System Name                       : DEN-NSWS-02-99-124
System Location                   : Eltex Ltd, Russia
System Description                : MES2424P rev.C1 AC 28-port 1G/10G Managed Switch with 24 POE+ ports
Logging Option                    : Flash Logging
Device Uptime                     : 9 Days, 2 Hrs, 1 Mins, 57 Secs
Login Authentication Mode         : Local
Config Save Status                : Not Initiated
Remote Save Status                : Not Initiated
Config Restore Status             : Not Initiated
Traffic Separation Control        : none




$ show lldp neighbors detail

                


--More--
                


--More--
                


--More--
                


--More--
                

Extended 802.3 TLV Info 
-MAC PHY Configuration & Status
100base-T2(HD)
100base-T2(FD)
FdxPause(FD)
Asym PAUSE(FD)
Symm PAUSE(FD)
Asym and Symm PAUSE(FD)
1000base-X, -LX, -SX, -CX(FD)
-Link Aggregation
Capability & Status           : Not Capable, Not In Aggregation
Aggregated Port Id            : 0
-Maximum Frame Size           : 0

Extended 802.1 TLV Info 
-Port VLAN Id                 : 1
-Port & Protocol VLAN Id 
Protocol Vlan Tlv             : Not Advertised
-Vlan Name
Vlan Name Tlv                 : Not Advertised

-LLDP MED Capability TLV      : Not Advertised 
Capabilities Supported        : 0 


--More--
                


--More--
                


--More--
                


--More--
                


--More--
                
Capabilities Enabled          : 0 
Device Class                  : 0 

-LLDP MED Inventory TLV       : Not Advertised

-LLDP-MED Nw Policy TLV       : Not Advertised 

-LLDP-MED Location Info TLV   : Not Advertised 

-LLDP-MED Ex-PowerViaMDI TLV  : Not Advertised 
------------------------------------------------------------

Total Entries Displayed : 1
[27m
                       

DEN-NSWS-02-99-124#neighbors detail

% Invalid Command



$ show vlan

                


--More--
                


--More--
                


--More--
                


--More--
                
----------------------------------------------------
Vlan ID             : 13
Member Ports        : gi 0/23, te 0/1
Untagged Ports      : None 
Forbidden Ports     : None 
Name                : 
Status              : Permanent
Egress Ethertype    : 0x8100
Service Loopback Status   : Disabled 
----------------------------------------------------
Vlan ID             : 17
Member Ports        : te 0/1, te 0/2, te 0/3, te 0/4
Untagged Ports      : None 
Forbidden Ports     : None 
Name                : Transport
Status              : Permanent
Egress Ethertype    : 0x8100
Service Loopback Status   : Disabled 
----------------------------------------------------
Vlan ID             : 40
Member Ports        : gi 0/2, gi 0/19, gi 0/21, gi 0/22, gi 0/23, gi 0/24
                      te 0/1
Untagged Ports      : gi 0/2, gi 0/19, gi 0/21, gi 0/22, gi 0/23, gi 0/24
Forbidden Ports     : None 


--More--
                


--More--
                


--More--
                


--More--
                


--More--
                
Name                : 


--More--


$ show interfaces status

Port        Status           Duplex   Speed       Negotiation     Capability      Uptime (d,h:m:s)
----        ------           ------   -----       -----------     ----------      ----------------
gi 0/1      Down (nc)        -        -           No-Negotiation  Auto-MDIX on    -               
gi 0/2      Up               Full     100 Mbps    No-Negotiation  Auto-MDIX on    1,4:31:44       
gi 0/3      Down (nc)        -        -           No-Negotiation  Auto-MDIX on    -               
gi 0/4      Down (nc)        -        -           No-Negotiation  Auto-MDIX on    -               
gi 0/5      Down (nc)        -        -           No-Negotiation  Auto-MDIX on    -               
gi 0/6      Down (nc)        -        -           No-Negotiation  Auto-MDIX on    -               
gi 0/7      Down (nc)        -        -           No-Negotiation  Auto-MDIX on    -               
gi 0/8      Down (nc)        -        -           No-Negotiation  Auto-MDIX on    -               
gi 0/9      Down (nc)        -        -           No-Negotiation  Auto-MDIX on    -               
gi 0/10     Down (nc)        -        -           No-Negotiation  Auto-MDIX on    -               
gi 0/11     Down (nc)        -        -           No-Negotiation  Auto-MDIX on    -               
gi 0/12     Down (nc)        -        -           No-Negotiation  Auto-MDIX on    -               
gi 0/13     Down (nc)        -        -           No-Negotiation  Auto-MDIX on    -               
gi 0/14     Down (nc)        -        -           No-Negotiation  Auto-MDIX on    -               
gi 0/15     Down (nc)        -        -           No-Negotiation  Auto-MDIX on    -               
gi 0/16     Down (nc)        -        -           No-Negotiation  Auto-MDIX on    -               
gi 0/17     Down (nc)        -        -           No-Negotiation  Auto-MDIX on    -               
gi 0/18     Down (nc)        -        -           No-Negotiation  Auto-MDIX on    -               
gi 0/19     Up               Full     100 Mbps    No-Negotiation  Auto-MDIX on    0,6:57:13       
gi 0/20     Down (nc)        -        -           No-Negotiation  Auto-MDIX on    -               


--More--


$ show interfaces

gi 0/1 up, line protocol is down (not connect)
Bridge Port Type: Customer Bridge Port

Interface SubType: gigabitEthernet

Hardware Address is cc:9d:a2:7e:ab:81   
MTU  12288 bytes,  No-Negotiation
HOL Block Prevention enabled.
CPU Controlled Learning disabled.
Auto-MDIX on
Input flow-control is off,output flow-control is off
Media-type: prefer-fiber

Link Up/Down Trap is disabled 

Reception Counters
   Octets                    : 0
   Unicast Packets           : 0
   Multicast Packets         : 0
   Broadcast Packets         : 0
   Discarded Packets         : 0
   Error Packets             : 0


--More--


$ show running-config

                


--More--
                


--More--
                


--More--
                


--More--
                

Link Up/Down Trap is disabled 

Reception Counters
   Octets                    : 2908508987
   Unicast Packets           : 26353393
   Multicast Packets         : 959
   Broadcast Packets         : 201
   Discarded Packets         : 4
   Error Packets             : 651980
   Unknown Protocol          : 0
   CRC Errors                : 480704
   Symbol Errors             : 0
   Oversized w/ Bad CRC      : 0

Transmission Counters
   Octets                    : 2534323593
   Unicast Packets           : 19709189
   Multicast Packets         : 4655832
   Broadcast Packets         : 19640821
   Discarded Packets         : 0
   Error Drops               : 0
   Error Packets             : 0



--More--
                


--More--
                


--More--
                


--More--
                


--More--
                


--More--
                


--More--
                


--More--
                


--More--
                


--More--
                


--More--
                


--More--
                


--More--
                


--More--
                


--More--
                
gi 0/3 up, line protocol is down (not connect)


--More--