

$ show running-config
!!
switch convert mode stand-alone
!!
!
service password-encryption
!
hostname INA-NSWS-130-99-148
sysLocation Russia, 124365, Moscow, Zelenograd, Zavodskaya st., 1B, bldg 2
sysContact +7 495 7487178
!
authentication logging enable
!
username admin privilege 15 password 7 21232f297a57a5a743894a0e4a801fc3
username ivashenko_vb privilege 15 password 7 e54e9a0de704d07ec176e4a41636cebd
username sib_uib privilege 15 password 7 c26d9204ca57b8b89972462d1f23ed99
username volodin_s password 7 f95322e3d78136532349b29309368b91
username zhiltsov_a password 7 bdb071180829d1b43bc11a60160e8513
!
authentication line console login radius local
authentication line vty login radius local
authentication line web login radius local
!
!
!
web login privilege open
!
clock timezone YAKT add 9 0
!
!
ssh-server enable
!
info-center logfile 4 config count 40960 flash logfile.log
info-center logfile 4 output-enable
info-center logfile 4 match level warnings 
no telnet-server enable
!
snmp-server enable
snmp-server securityip disable
snmp-server community ro 7 IUYE9jwIFmA=
snmp-server community ro 7 wFbcsoAfrRQ=
snmp-server enable traps
!
ip forward-protocol udp bootps
!
!
!
!
!
 spanning-tree mode rstp
!
!
!
!
!
!
vlan 1;13;17;90;1091 
!
radius-server key 7 B40+5eLXRE+AO366KTctQQ==
radius-server authentication host 10.10.0.210 primary
radius-server authentication host 10.10.0.212
radius-server accounting host 10.10.0.210 primary
radius-server accounting host 10.10.0.212
aaa-accounting enable
aaa enable
!
Interface Ethernet1/0/1
 storm-control broadcast 2000
 storm-control multicast 2000
 storm-control unicast 2000
 switchport access vlan 1091
 loopback-detection control shutdown
!
Interface Ethernet1/0/2
 storm-control broadcast 2000
 storm-control multicast 2000
 storm-control unicast 2000
 switchport access vlan 1091
 loopback-detection control shutdown
!
Interface Ethernet1/0/3
 storm-control broadcast 2000
 storm-control multicast 2000
 storm-control unicast 2000
 switchport mode trunk
 switchport trunk allowed vlan 13 
 switchport trunk native vlan 90
 loopback-detection control shutdown
!
Interface Ethernet1/0/4
 storm-control broadcast 2000
 storm-control multicast 2000
 storm-control unicast 2000
 switchport mode trunk
 switchport trunk allowed vlan 13 
 switchport trunk native vlan 90
 loopback-detection control shutdown
!
Interface Ethernet1/0/5
!
Interface Ethernet1/0/6
!
Interface Ethernet1/0/7
!
Interface Ethernet1/0/8
!
Interface Ethernet1/0/9
!
Interface Ethernet1/0/10
!
Interface Ethernet1/0/11
!
Interface Ethernet1/0/12
!
Interface Ethernet1/0/13
!
Interface Ethernet1/0/14
!
Interface Ethernet1/0/15
!
Interface Ethernet1/0/16
!
Interface Ethernet1/0/17
!
Interface Ethernet1/0/18
!
Interface Ethernet1/0/19
!
Interface Ethernet1/0/20
!
Interface Ethernet1/0/21
!
Interface Ethernet1/0/22
!
Interface Ethernet1/0/23
!
Interface Ethernet1/0/24
!
Interface Ethernet1/0/25
 switchport mode trunk
 switchport trunk allowed vlan 13;17;90;1091 
!
Interface Ethernet1/0/26
 switchport mode trunk
 switchport trunk allowed vlan 13;17;90;1091 
!
Interface Ethernet1/0/27
 switchport mode trunk
!
Interface Ethernet1/0/28
 switchport mode trunk
 switchport trunk allowed vlan 13;17;90;1091 
!
interface Vlan1
!
interface Vlan17
 ip address 10.20.99.148 255.255.252.0
!
ip route 0.0.0.0/0 10.20.97.1
!
ntp server 10.10.0.210
!
!
no login
!
captive-portal
!
end



$ show version
  ZES-2028GPS-AC220-A Device, Compiled on Sep 18 11:11:20 2023
  sysLocation Russia, 124365, Moscow, Zelenograd, Zavodskaya st., 1B, bldg 2
  CPU Mac 00:1a:81:02:24:24
  Vlan MAC 00:1a:81:02:24:23
  SoftWare Package Version V705R002C005
  BootRom Version 7.5.34
  HardWare Version 3.0.5
  CPLD Version 5.00
  Serial No.:2326764002134
  Copyright 2023 by Zelax
  All rights reserved
  Last reboot is cold reset.
  Uptime is 8 weeks, 2 days, 0 hours, 29 minutes


$ show cdp neighbors detail
                          ^
% Invalid input detected at '^' marker.



$ show lldp neighbors detail
                                        ^
% Invalid input detected at '^' marker.



$ show interface status
Codes: A-Down - administratively down, E-Down - errdisable down, a - auto, f - force, G - Gigabit

Interface       Link/Protocol  Speed   Duplex  Vlan   Type            Alias Name
Ethernet1/0/1   UP/UP          a-100M  a-FULL  1091   G-TX            
Ethernet1/0/2   UP/UP          a-100M  a-FULL  1091   G-TX            
Ethernet1/0/3   DOWN/DOWN      auto    auto    trunk  G-TX            
Ethernet1/0/4   UP/UP          a-100M  a-FULL  trunk  G-TX            
Ethernet1/0/5   DOWN/DOWN      auto    auto    1      G-TX            
Ethernet1/0/6   DOWN/DOWN      auto    auto    1      G-TX            
Ethernet1/0/7   DOWN/DOWN      auto    auto    1      G-TX            
Ethernet1/0/8   DOWN/DOWN      auto    auto    1      G-TX            
Ethernet1/0/9   DOWN/DOWN      auto    auto    1      G-TX            
Ethernet1/0/10  DOWN/DOWN      auto    auto    1      G-TX            
Ethernet1/0/11  DOWN/DOWN      auto    auto    1      G-TX            
Ethernet1/0/12  DOWN/DOWN      auto    auto    1      G-TX            
Ethernet1/0/13  DOWN/DOWN      auto    auto    1      G-TX            
Ethernet1/0/14  DOWN/DOWN      auto    auto    1      G-TX            
Ethernet1/0/15  DOWN/DOWN      auto    auto    1      G-TX            
Ethernet1/0/16  DOWN/DOWN      auto    auto    1      G-TX            
Ethernet1/0/17  DOWN/DOWN      auto    auto    1      G-TX            
Ethernet1/0/18  DOWN/DOWN      auto    auto    1      G-TX            
Ethernet1/0/19  DOWN/DOWN      auto    auto    1      G-TX            
Ethernet1/0/20  DOWN/DOWN      auto    auto    1      G-TX            
Ethernet1/0/21  DOWN/DOWN      auto    auto    1      G-TX            
Ethernet1/0/22  DOWN/DOWN      auto    auto    1      G-TX            
Ethernet1/0/23  DOWN/DOWN      auto    auto    1      G-TX            
Ethernet1/0/24  DOWN/DOWN      auto    auto    1      G-TX            
Ethernet1/0/25  DOWN/DOWN      auto    auto    trunk  SFP             
Ethernet1/0/26  DOWN/DOWN      auto    auto    trunk  SFP             
Ethernet1/0/27  DOWN/DOWN      auto    auto    trunk  SFP             
Ethernet1/0/28  UP/UP          a-1G    a-FULL  trunk  SFP             