

$ show system information

Hardware Version                  : 2v3
Software Version                  : 10.3.4
Firmware Version                  : 10.3.4

Hardware Serial Number            : ESC6000776
Switch Base MAC Address           : cc:9d:a2:67:41:00
Software Serial Number            : c6313afa
System Contact                    : 
System Name                       : NER-NSWS-06-96-14
System Location                   : 
System Description                : MES2448B rev.B AC 52-port 1G/10G Managed Switch
Logging Option                    : Flash Logging
Device Uptime                     : 23 Days, 20 Hrs, 27 Mins, 24 Secs
Login Authentication Mode         : Local
Config Save Status                : Not Initiated
Remote Save Status                : Not Initiated
Config Restore Status             : Not Initiated
Traffic Separation Control        : none




$ show lldp neighbors detail

Total Entries Displayed : 0



$ show vlan

                


--More--
                


--More--
                


--More--
                


--More--
                
Untagged Ports      : None 
Forbidden Ports     : None 
Name                : Phone(Nerungry)
Status              : Permanent
Egress Ethertype    : 0x8100
Service Loopback Status   : Disabled 
----------------------------------------------------
Vlan ID             : 17
Member Ports        : te 0/1
Untagged Ports      : None 
Forbidden Ports     : None 
Name                : Printers
Status              : Permanent
Egress Ethertype    : 0x8100
Service Loopback Status   : Disabled 
----------------------------------------------------
Vlan ID             : 20
Member Ports        : gi 0/1, gi 0/3, gi 0/4, gi 0/5, gi 0/6, gi 0/7
                      gi 0/10, gi 0/11, gi 0/12, gi 0/14, gi 0/16, gi 0/17
                      gi 0/18, gi 0/19, gi 0/20, gi 0/21, gi 0/22, gi 0/25
                      gi 0/26, gi 0/27, gi 0/29, gi 0/30, gi 0/32, gi 0/35
                      gi 0/36, gi 0/38, gi 0/39, gi 0/40, gi 0/42, gi 0/43
                      gi 0/44, gi 0/45, gi 0/46, gi 0/47, gi 0/48, te 0/1
Untagged Ports      : gi 0/1, gi 0/3, gi 0/4, gi 0/5, gi 0/6, gi 0/7


--More--
                


--More--
                


--More--
                


--More--
                


--More--
                
                      gi 0/10, gi 0/11, gi 0/12, gi 0/14, gi 0/16, gi 0/17


--More--


$ show interfaces status

Port        Type          Status           Duplex   Speed       Negotiation     Capability      Uptime (d,h:m:s)
----        ------------  ------           ------   -----       -----------     ----------      ----------------
gi 0/1      1G-Copper     Up               Full     100 Mbps    Auto            Auto-MDIX on    0,5:1:11        
gi 0/2      1G-Copper     Up               Full     1 Gbps      Auto            Auto-MDIX on    24,3:42:47      
gi 0/3      1G-Copper     Down (nc)        -        -           Auto            Auto-MDIX on    -               
gi 0/4      1G-Copper     Up               Full     100 Mbps    No-Negotiation  Auto-MDIX on    13,4:48:13      
gi 0/5      1G-Copper     Up               Full     100 Mbps    Auto            Auto-MDIX on    0,4:56:59       
gi 0/6      1G-Copper     Up               Full     100 Mbps    Auto            Auto-MDIX on    0,4:56:22       
gi 0/7      1G-Copper     Down (nc)        -        -           Auto            Auto-MDIX on    -               
gi 0/8      1G-Copper     Up               Full     100 Mbps    Auto            Auto-MDIX on    6,4:16:42       
gi 0/9      1G-Copper     Up               Full     100 Mbps    Auto            Auto-MDIX on    24,3:42:37      
gi 0/10     1G-Copper     Up               Full     1 Gbps      Auto            Auto-MDIX on    0,4:49:40       
gi 0/11     1G-Copper     Up               Full     100 Mbps    Auto            Auto-MDIX on    0,5:2:17        
gi 0/12     1G-Copper     Up               Full     100 Mbps    No-Negotiation  Auto-MDIX on    24,3:42:47      
gi 0/13     1G-Copper     Up               Full     100 Mbps    Auto            Auto-MDIX on    24,3:42:44      
gi 0/14     1G-Copper     Up               Full     100 Mbps    No-Negotiation  Auto-MDIX on    24,3:42:45      
gi 0/15     1G-Copper     Up               Full     100 Mbps    Auto            Auto-MDIX on    24,3:42:44      
gi 0/16     1G-Copper     Up               Full     100 Mbps    No-Negotiation  Auto-MDIX on    24,3:42:44      
gi 0/17     1G-Copper     Up               Full     1 Gbps      Auto            Auto-MDIX on    0,4:58:22       
gi 0/18     1G-Copper     Up               Full     1 Gbps      Auto            Auto-MDIX on    0,1:4:56        
gi 0/19     1G-Copper     Up               Full     1 Gbps      Auto            Auto-MDIX on    0,0:48:40       
gi 0/20     1G-Copper     Up               Full     1 Gbps      Auto            Auto-MDIX on    0,4:50:18       


--More--


$ show interfaces

                


--More--
                


--More--
                


--More--
                


--More--
                
gi 0/47     1G-Copper     Down (nc)        -        -           Auto            Auto-MDIX on    -               
gi 0/48     1G-Copper     Up               Full     100 Mbps    No-Negotiation  Auto-MDIX on    24,3:42:41      
te 0/1      10G-Fiber     Up               -        1 Gbps      No-Negotiation  Auto-MDIX on    24,3:42:47      
te 0/2      10G-Fiber     Down (nc)        -        -           No-Negotiation  Auto-MDIX on    -               
te 0/3      10G-Fiber     Down (nc)        -        -           No-Negotiation  Auto-MDIX on    -               
te 0/4      10G-Fiber     Down (nc)        -        -           No-Negotiation  Auto-MDIX on    -               

nc (not connected): The interface is not connected.
err (error-disabled): The interface was suspended by the system.
adm (admin.shutdown): The interface was suspended by administrator.
[27m
                       

NER-NSWS-06-96-14#interfaces

% Invalid Command



$ show running-config

                


--More--
                


--More--
                


--More--
                


--More--
                
logging-server facility local0 severity errors ipv4 10.10.0.142 port  5014
logging-server facility local0 severity warnings ipv4 10.10.0.142 port  5014
logging-server facility local0 severity notification ipv4 10.10.0.142 port  5014
logging-server facility local0 severity informational ipv4 10.10.0.142 port  5014
!
vlan 13,17,20-21,2001
  vlan active
!                      
set lldp enable
!
radius-server host 10.10.0.210 timeout 5 key encrypted qOzM/0zDoUP2k3P672Uz7Q== primary
radius-server host 10.10.0.212 timeout 5 key encrypted qOzM/0zDoUP2k3P672Uz7Q==
!
username sib_uib password encrypted OTl653mxxwDsJJPczavzcQ== privilege 15
username volodin_s password encrypted EnRFlIo7gtBTjF6wrwtAzQ== privilege 15
username zhiltsov_a password encrypted KFif9+pKXWb2ZGDs19fowLwWpY80c995 privilege 15
username ivashenko_vb password encrypted ugP9QrpkPzxRxqq861YAOccx21jObESe privilege 15  
!
snmp user ReadUser
snmp user WriteUser
snmp community index 1 name encrypted EQn5sbCUAOw= security WriteUser
snmp community index 2 name encrypted O3oDUaq4qkM= security ReadUser
snmp group ReadGroup user ReadUser security-model v2c
snmp group WriteGroup user WriteUser security-model v2c


--More--
                


--More--
                


--More--
                


--More--
                


--More--
                


--More--
                


--More--
                


--More--
                


--More--
                


--More--
                


--More--
                


--More--
                


--More--
                


--More--
                


--More--
                
snmp access ReadGroup v2c read iso


--More--