

$ show running-config
!!
switch convert mode stand-alone
!!
!
service password-encryption
!
hostname INA-NSWR-01-99-84
sysLocation Russia, 124365, Moscow, Zelenograd, Zavodskaya st., 1B, bldg 2
sysContact +7 495 7487178
!
authentication logging enable
!
username admin privilege 15 password 7 21232f297a57a5a743894a0e4a801fc3
username ivashenko_vb privilege 15 password 7 e54e9a0de704d07ec176e4a41636cebd
username sib_uib privilege 15 password 7 c26d9204ca57b8b89972462d1f23ed99
username volodin_s password 7 f95322e3d78136532349b29309368b91
username zhiltsov_a password 7 bdb071180829d1b43bc11a60160e8513
!
authentication line console login radius local
authentication line vty login radius local
authentication line web login radius local
!
!
!
web login privilege open
!
clock timezone YAKT add 9 0
!
!
ssh-server enable
!
info-center logfile 4 config count 40960 nandflash logfile.log
info-center logfile 4 output-enable
info-center logfile 4 match level warnings 
no telnet-server enable
!
snmp-server enable
snmp-server securityip disable
snmp-server community ro 7 wFbcsoAfrRQ=
snmp-server enable traps
!
ip forward-protocol udp bootps
!
!
!
!
 spanning-tree mode rstp
!
!
Interface Ethernet0
!
!
!
vlan 1;77;90-91;1890 
!
vlan 13
 name Phone
!
vlan 17
 name Transport
!
vlan 590
 name PTU_ASU
!
vlan 730
 name Video-SB-Inagl
!
vlan 1090
 name Server(Inagl)
!
vlan 1091
 name Camera(Inag)
!
radius-server key 7 B40+5eLXRE+AO366KTctQQ==
radius-server authentication host 10.10.0.210 primary
radius-server authentication host 10.10.0.212
radius-server accounting host 10.10.0.210 primary
radius-server accounting host 10.10.0.212
aaa-accounting enable
aaa enable
!
Interface Ethernet1/0/1
 switchport access vlan 590
!
Interface Ethernet1/0/2
 switchport mode trunk
!
Interface Ethernet1/0/3
 switchport access vlan 1090
!
Interface Ethernet1/0/4
 switchport access vlan 590
!
Interface Ethernet1/0/5
 switchport access vlan 1091
!
Interface Ethernet1/0/6
 switchport access vlan 590
!
Interface Ethernet1/0/7
 switchport access vlan 90
!
Interface Ethernet1/0/8
 switchport mode trunk
 switchport trunk allowed vlan 17;1890 
!
Interface Ethernet1/0/9
 switchport mode trunk
!
Interface Ethernet1/0/10
 shutdown
!
Interface Ethernet1/0/11
 shutdown
!
Interface Ethernet1/0/12
 shutdown
!
Interface Ethernet1/0/13
 shutdown
!
Interface Ethernet1/0/14
 shutdown
!
Interface Ethernet1/0/15
 shutdown
!
Interface Ethernet1/0/16
 shutdown
!
Interface Ethernet1/0/17
 shutdown
!
Interface Ethernet1/0/18
 shutdown
!
Interface Ethernet1/0/19
 shutdown
!
Interface Ethernet1/0/20
 shutdown
!
Interface Ethernet1/0/21
 shutdown
!
Interface Ethernet1/0/22
 shutdown
!
Interface Ethernet1/0/23
 switchport mode trunk
 switchport trunk allowed vlan 13;17;77;90;730 
!
Interface Ethernet1/0/24
 no vlan ingress enable
 switchport mode trunk
!
Interface Ethernet1/0/25
!
Interface Ethernet1/0/26
!
Interface Ethernet1/0/27
!
Interface Ethernet1/0/28
!
interface Vlan17
 ip address 10.20.99.84 255.255.252.0
!
interface Vlan91
 description PTU_Users
 ip address 10.91.0.1 255.255.255.0
  !forward protocol udp 67(active)!
 ip helper-address 10.10.0.27
!
ip route 0.0.0.0/0 10.20.99.1
!
ntp server 10.10.0.210
!
!
no login
!
captive-portal
!
end



$ show version
  ZES-3028SCX-UPR Device, Compiled on Dec 10 10:11:17 2019
  sysLocation Russia, 124365, Moscow, Zelenograd, Zavodskaya st., 1B, bldg 2
  CPU Mac 00:1a:81:01:ca:21
  Vlan MAC 00:1a:81:01:ca:20
  SoftWare Package Version 7.5.3.2(R0004.0237)
  BootRom Version 7.5.25
  HardWare Version 1.0.1
  CPLD Version 1.04
  Serial No.:2323500000324
  Copyright 2019 by Zelax
  All rights reserved
  Last reboot is cold reset.
  Uptime is 44 weeks, 0 days, 23 hours, 37 minutes


$ show cdp neighbors detail
                        ^
% Invalid input detected at '^' marker.



$ show lldp neighbors detail
                                      ^
% Invalid input detected at '^' marker.



$ show interface status
interface error!